Archive member included to satisfy reference by file (symbol)

/opt/st/stm32cubeide_2.0.0/plugins/com.st.stm32cube.ide.mcu.externaltools.gnu-tools-for-stm32.13.3.rel1.linux64_1.0.100.202509120712/tools/bin/../lib/gcc/arm-none-eabi/13.3.1/../../../../arm-none-eabi/lib/thumb/v7e-m+fp/hard/libc_nano.a(libc_a-exit.o)
                              /opt/st/stm32cubeide_2.0.0/plugins/com.st.stm32cube.ide.mcu.externaltools.gnu-tools-for-stm32.13.3.rel1.linux64_1.0.100.202509120712/tools/bin/../lib/gcc/arm-none-eabi/13.3.1/../../../../arm-none-eabi/lib/thumb/v7e-m+fp/hard/crt0.o (exit)
/opt/st/stm32cubeide_2.0.0/plugins/com.st.stm32cube.ide.mcu.externaltools.gnu-tools-for-stm32.13.3.rel1.linux64_1.0.100.202509120712/tools/bin/../lib/gcc/arm-none-eabi/13.3.1/../../../../arm-none-eabi/lib/thumb/v7e-m+fp/hard/libc_nano.a(libc_a-findfp.o)
                              /opt/st/stm32cubeide_2.0.0/plugins/com.st.stm32cube.ide.mcu.externaltools.gnu-tools-for-stm32.13.3.rel1.linux64_1.0.100.202509120712/tools/bin/../lib/gcc/arm-none-eabi/13.3.1/../../../../arm-none-eabi/lib/thumb/v7e-m+fp/hard/libc_nano.a(libc_a-exit.o) (__stdio_exit_handler)
/opt/st/stm32cubeide_2.0.0/plugins/com.st.stm32cube.ide.mcu.externaltools.gnu-tools-for-stm32.13.3.rel1.linux64_1.0.100.202509120712/tools/bin/../lib/gcc/arm-none-eabi/13.3.1/../../../../arm-none-eabi/lib/thumb/v7e-m+fp/hard/libc_nano.a(libc_a-fwalk.o)
                              /opt/st/stm32cubeide_2.0.0/plugins/com.st.stm32cube.ide.mcu.externaltools.gnu-tools-for-stm32.13.3.rel1.linux64_1.0.100.202509120712/tools/bin/../lib/gcc/arm-none-eabi/13.3.1/../../../../arm-none-eabi/lib/thumb/v7e-m+fp/hard/libc_nano.a(libc_a-findfp.o) (_fwalk_sglue)
/opt/st/stm32cubeide_2.0.0/plugins/com.st.stm32cube.ide.mcu.externaltools.gnu-tools-for-stm32.13.3.rel1.linux64_1.0.100.202509120712/tools/bin/../lib/gcc/arm-none-eabi/13.3.1/../../../../arm-none-eabi/lib/thumb/v7e-m+fp/hard/libc_nano.a(libc_a-stdio.o)
                              /opt/st/stm32cubeide_2.0.0/plugins/com.st.stm32cube.ide.mcu.externaltools.gnu-tools-for-stm32.13.3.rel1.linux64_1.0.100.202509120712/tools/bin/../lib/gcc/arm-none-eabi/13.3.1/../../../../arm-none-eabi/lib/thumb/v7e-m+fp/hard/libc_nano.a(libc_a-findfp.o) (__sread)
/opt/st/stm32cubeide_2.0.0/plugins/com.st.stm32cube.ide.mcu.externaltools.gnu-tools-for-stm32.13.3.rel1.linux64_1.0.100.202509120712/tools/bin/../lib/gcc/arm-none-eabi/13.3.1/../../../../arm-none-eabi/lib/thumb/v7e-m+fp/hard/libc_nano.a(libc_a-memset.o)
                              /opt/st/stm32cubeide_2.0.0/plugins/com.st.stm32cube.ide.mcu.externaltools.gnu-tools-for-stm32.13.3.rel1.linux64_1.0.100.202509120712/tools/bin/../lib/gcc/arm-none-eabi/13.3.1/../../../../arm-none-eabi/lib/thumb/v7e-m+fp/hard/crt0.o (memset)
/opt/st/stm32cubeide_2.0.0/plugins/com.st.stm32cube.ide.mcu.externaltools.gnu-tools-for-stm32.13.3.rel1.linux64_1.0.100.202509120712/tools/bin/../lib/gcc/arm-none-eabi/13.3.1/../../../../arm-none-eabi/lib/thumb/v7e-m+fp/hard/libc_nano.a(libc_a-closer.o)
                              /opt/st/stm32cubeide_2.0.0/plugins/com.st.stm32cube.ide.mcu.externaltools.gnu-tools-for-stm32.13.3.rel1.linux64_1.0.100.202509120712/tools/bin/../lib/gcc/arm-none-eabi/13.3.1/../../../../arm-none-eabi/lib/thumb/v7e-m+fp/hard/libc_nano.a(libc_a-stdio.o) (_close_r)
/opt/st/stm32cubeide_2.0.0/plugins/com.st.stm32cube.ide.mcu.externaltools.gnu-tools-for-stm32.13.3.rel1.linux64_1.0.100.202509120712/tools/bin/../lib/gcc/arm-none-eabi/13.3.1/../../../../arm-none-eabi/lib/thumb/v7e-m+fp/hard/libc_nano.a(libc_a-reent.o)
                              /opt/st/stm32cubeide_2.0.0/plugins/com.st.stm32cube.ide.mcu.externaltools.gnu-tools-for-stm32.13.3.rel1.linux64_1.0.100.202509120712/tools/bin/../lib/gcc/arm-none-eabi/13.3.1/../../../../arm-none-eabi/lib/thumb/v7e-m+fp/hard/libc_nano.a(libc_a-closer.o) (errno)
/opt/st/stm32cubeide_2.0.0/plugins/com.st.stm32cube.ide.mcu.externaltools.gnu-tools-for-stm32.13.3.rel1.linux64_1.0.100.202509120712/tools/bin/../lib/gcc/arm-none-eabi/13.3.1/../../../../arm-none-eabi/lib/thumb/v7e-m+fp/hard/libc_nano.a(libc_a-impure.o)
                              /opt/st/stm32cubeide_2.0.0/plugins/com.st.stm32cube.ide.mcu.externaltools.gnu-tools-for-stm32.13.3.rel1.linux64_1.0.100.202509120712/tools/bin/../lib/gcc/arm-none-eabi/13.3.1/../../../../arm-none-eabi/lib/thumb/v7e-m+fp/hard/libc_nano.a(libc_a-reent.o) (_impure_ptr)
/opt/st/stm32cubeide_2.0.0/plugins/com.st.stm32cube.ide.mcu.externaltools.gnu-tools-for-stm32.13.3.rel1.linux64_1.0.100.202509120712/tools/bin/../lib/gcc/arm-none-eabi/13.3.1/../../../../arm-none-eabi/lib/thumb/v7e-m+fp/hard/libc_nano.a(libc_a-lseekr.o)
                              /opt/st/stm32cubeide_2.0.0/plugins/com.st.stm32cube.ide.mcu.externaltools.gnu-tools-for-stm32.13.3.rel1.linux64_1.0.100.202509120712/tools/bin/../lib/gcc/arm-none-eabi/13.3.1/../../../../arm-none-eabi/lib/thumb/v7e-m+fp/hard/libc_nano.a(libc_a-stdio.o) (_lseek_r)
[...]
Memory Configuration

Name             Origin             Length             Attributes
RAM              0x20000000         0x00020000         xrw
FLASH            0x08000000         0x00080000         xr
*default*        0x00000000         0xffffffff

Linker script and memory map

LOAD /opt/st/stm32cubeide_2.0.0/plugins/com.st.stm32cube.ide.mcu.externaltools.gnu-tools-for-stm32.13.3.rel1.linux64_1.0.100.202509120712/tools/bin/../lib/gcc/arm-none-eabi/13.3.1/thumb/v7e-m+fp/hard/crti.o
LOAD /opt/st/stm32cubeide_2.0.0/plugins/com.st.stm32cube.ide.mcu.externaltools.gnu-tools-for-stm32.13.3.rel1.linux64_1.0.100.202509120712/tools/bin/../lib/gcc/arm-none-eabi/13.3.1/thumb/v7e-m+fp/hard/crtbegin.o
LOAD /opt/st/stm32cubeide_2.0.0/plugins/com.st.stm32cube.ide.mcu.externaltools.gnu-tools-for-stm32.13.3.rel1.linux64_1.0.100.202509120712/tools/bin/../lib/gcc/arm-none-eabi/13.3.1/../../../../arm-none-eabi/lib/thumb/v7e-m+fp/hard/crt0.o
LOAD ./BSP/keypad_driver.o
LOAD ./Drivers/gpio_driver.o
LOAD ./Drivers/rcc_driver.o
LOAD ./Drivers/systick.o
LOAD ./Drivers/usart_driver.o
LOAD ./Src/main.o
LOAD ./Src/syscalls.o
LOAD ./Src/sysmem.o
LOAD ./Src/system_stm32f4xx.o
LOAD ./Startup/startup_stm32f446retx.o
START GROUP
LOAD /opt/st/stm32cubeide_2.0.0/plugins/com.st.stm32cube.ide.mcu.externaltools.gnu-tools-for-stm32.13.3.rel1.linux64_1.0.100.202509120712/tools/bin/../lib/gcc/arm-none-eabi/13.3.1/../../../../arm-none-eabi/lib/thumb/v7e-m+fp/hard/libc_nano.a
LOAD /opt/st/stm32cubeide_2.0.0/plugins/com.st.stm32cube.ide.mcu.externaltools.gnu-tools-for-stm32.13.3.rel1.linux64_1.0.100.202509120712/tools/bin/../lib/gcc/arm-none-eabi/13.3.1/../../../../arm-none-eabi/lib/thumb/v7e-m+fp/hard/libm.a
END GROUP
START GROUP
LOAD /opt/st/stm32cubeide_2.0.0/plugins/com.st.stm32cube.ide.mcu.externaltools.gnu-tools-for-stm32.13.3.rel1.linux64_1.0.100.202509120712/tools/bin/../lib/gcc/arm-none-eabi/13.3.1/thumb/v7e-m+fp/hard/libgcc.a
LOAD /opt/st/stm32cubeide_2.0.0/plugins/com.st.stm32cube.ide.mcu.externaltools.gnu-tools-for-stm32.13.3.rel1.linux64_1.0.100.202509120712/tools/bin/../lib/gcc/arm-none-eabi/13.3.1/../../../../arm-none-eabi/lib/thumb/v7e-m+fp/hard/libc_nano.a
END GROUP
START GROUP
LOAD /opt/st/stm32cubeide_2.0.0/plugins/com.st.stm32cube.ide.mcu.externaltools.gnu-tools-for-stm32.13.3.rel1.linux64_1.0.100.202509120712/tools/bin/../lib/gcc/arm-none-eabi/13.3.1/thumb/v7e-m+fp/hard/libgcc.a
LOAD /opt/st/stm32cubeide_2.0.0/plugins/com.st.stm32cube.ide.mcu.externaltools.gnu-tools-for-stm32.13.3.rel1.linux64_1.0.100.202509120712/tools/bin/../lib/gcc/arm-none-eabi/13.3.1/../../../../arm-none-eabi/lib/thumb/v7e-m+fp/hard/libc_nano.a
LOAD /opt/st/stm32cubeide_2.0.0/plugins/com.st.stm32cube.ide.mcu.externaltools.gnu-tools-for-stm32.13.3.rel1.linux64_1.0.100.202509120712/tools/bin/../lib/gcc/arm-none-eabi/13.3.1/../../../../arm-none-eabi/lib/thumb/v7e-m+fp/hard/libnosys.a
END GROUP
START GROUP
LOAD /opt/st/stm32cubeide_2.0.0/plugins/com.st.stm32cube.ide.mcu.externaltools.gnu-tools-for-stm32.13.3.rel1.linux64_1.0.100.202509120712/tools/bin/../lib/gcc/arm-none-eabi/13.3.1/thumb/v7e-m+fp/hard/libgcc.a
LOAD /opt/st/stm32cubeide_2.0.0/plugins/com.st.stm32cube.ide.mcu.externaltools.gnu-tools-for-stm32.13.3.rel1.linux64_1.0.100.202509120712/tools/bin/../lib/gcc/arm-none-eabi/13.3.1/../../../../arm-none-eabi/lib/thumb/v7e-m+fp/hard/libc_nano.a
LOAD /opt/st/stm32cubeide_2.0.0/plugins/com.st.stm32cube.ide.mcu.externaltools.gnu-tools-for-stm32.13.3.rel1.linux64_1.0.100.202509120712/tools/bin/../lib/gcc/arm-none-eabi/13.3.1/../../../../arm-none-eabi/lib/thumb/v7e-m+fp/hard/libnosys.a
END GROUP
LOAD /opt/st/stm32cubeide_2.0.0/plugins/com.st.stm32cube.ide.mcu.externaltools.gnu-tools-for-stm32.13.3.rel1.linux64_1.0.100.202509120712/tools/bin/../lib/gcc/arm-none-eabi/13.3.1/thumb/v7e-m+fp/hard/crtend.o
LOAD /opt/st/stm32cubeide_2.0.0/plugins/com.st.stm32cube.ide.mcu.externaltools.gnu-tools-for-stm32.13.3.rel1.linux64_1.0.100.202509120712/tools/bin/../lib/gcc/arm-none-eabi/13.3.1/thumb/v7e-m+fp/hard/crtn.o
                0x20020000                        _estack = (ORIGIN (RAM) + LENGTH (RAM))
                0x00000200                        _Min_Heap_Size = 0x200
                0x00000400                        _Min_Stack_Size = 0x400

.isr_vector     0x08000000      0x1c4
                0x08000000                        . = ALIGN (0x4)
 *(.isr_vector)
 .isr_vector    0x08000000      0x1c4 ./Startup/startup_stm32f446retx.o
                0x08000000                g_pfnVectors
                0x080001c4                        . = ALIGN (0x4)

.text           0x080001c4      0xe2c
                0x080001c4                        . = ALIGN (0x4)
 *(.text)
 .text          0x080001c4       0x40 /opt/st/stm32cubeide_2.0.0/plugins/com.st.stm32cube.ide.mcu.externaltools.gnu-tools-for-stm32.13.3.rel1.linux64_1.0.100.202509120712/tools/bin/../lib/gcc/arm-none-eabi/13.3.1/thumb/v7e-m+fp/hard/crtbegin.o
 *(.text*)
 .text.GPIO_PeriClockControl
                0x08000204      0x1a0 ./Drivers/gpio_driver.o
                0x08000204                GPIO_PeriClockControl
 .text.GPIO_Init
                0x080003a4      0x2f0 ./Drivers/gpio_driver.o
                0x080003a4                GPIO_Init
 .text.RCC_GetPCLK1Value
                0x08000694       0xb0 ./Drivers/rcc_driver.o
                0x08000694                RCC_GetPCLK1Value
 .text.RCC_GetPCLK2Value
                0x08000744       0xa0 ./Drivers/rcc_driver.o
                0x08000744                RCC_GetPCLK2Value
 .text.RCC_GetPLLOutputClock
                0x080007e4       0x10 ./Drivers/rcc_driver.o
                0x080007e4                RCC_GetPLLOutputClock
 .text.SysTick_Init
                0x080007f4       0x48 ./Drivers/systick.o
                0x080007f4                SysTick_Init
 .text.SysTick_Handler
                0x0800083c       0x1c ./Drivers/systick.o
                0x0800083c                SysTick_Handler
 .text.USART_SetBaudData
                0x08000858       0xe4 ./Drivers/usart_driver.o
                0x08000858                USART_SetBaudData
 .text.USART_Init
                0x0800093c      0x10e ./Drivers/usart_driver.o
                0x0800093c                USART_Init
 .text.USART_PeripheralControl
                0x08000a4a       0x38 ./Drivers/usart_driver.o
                0x08000a4a                USART_PeripheralControl
 *fill*         0x08000a82        0x2 
 .text.USART_PeriClockControl
                0x08000a84       0xbc ./Drivers/usart_driver.o
                0x08000a84                USART_PeriClockControl
 .text.USART_GetFlagStatus
                0x08000b40       0x2a ./Drivers/usart_driver.o
                0x08000b40                USART_GetFlagStatus
 .text.USART_SendData
                0x08000b6a       0xb6 ./Drivers/usart_driver.o
                0x08000b6a                USART_SendData
 .text.USART_ReceiveData
                0x08000c20       0xb0 ./Drivers/usart_driver.o
                0x08000c20                USART_ReceiveData
 .text.USART_ReceivePacket
                0x08000cd0       0xac ./Src/main.o
                0x08000cd0                USART_ReceivePacket
 .text.main     0x08000d7c      0x1a0 ./Src/main.o
                0x08000d7c                main
 .text.SystemInit
                0x08000f1c        0xe ./Src/system_stm32f4xx.o
                0x08000f1c                SystemInit
 *fill*         0x08000f2a        0x2 
 .text.Reset_Handler
                0x08000f2c       0x50 ./Startup/startup_stm32f446retx.o
                0x08000f2c                Reset_Handler
 .text.Default_Handler
                0x08000f7c        0x2 ./Startup/startup_stm32f446retx.o
                0x08000f7c                RTC_Alarm_IRQHandler
                0x08000f7c                EXTI2_IRQHandler
                0x08000f7c                TIM8_CC_IRQHandler
                0x08000f7c                SPDIF_Rx_IRQHandler
                0x08000f7c                DebugMon_Handler
                0x08000f7c                SPI4_IRQHandler
                0x08000f7c                TIM1_CC_IRQHandler
                0x08000f7c                QuadSPI_IRQHandler
                0x08000f7c                DMA2_Stream5_IRQHandler
                0x08000f7c                HardFault_Handler
                0x08000f7c                DMA1_Stream5_IRQHandler
                0x08000f7c                PVD_IRQHandler
                0x08000f7c                SDIO_IRQHandler
                0x08000f7c                TAMP_STAMP_IRQHandler
                0x08000f7c                PendSV_Handler
                0x08000f7c                NMI_Handler
                0x08000f7c                CAN2_RX1_IRQHandler
                0x08000f7c                EXTI3_IRQHandler
                0x08000f7c                TIM8_TRG_COM_TIM14_IRQHandler
                0x08000f7c                TIM1_UP_TIM10_IRQHandler
                0x08000f7c                FMPI2C1_error_IRQHandler
                0x08000f7c                TIM8_UP_TIM13_IRQHandler
                0x08000f7c                I2C3_ER_IRQHandler
                0x08000f7c                EXTI0_IRQHandler
                0x08000f7c                I2C2_EV_IRQHandler
                0x08000f7c                DMA1_Stream2_IRQHandler
                0x08000f7c                CAN1_RX0_IRQHandler
                0x08000f7c                OTG_HS_WKUP_IRQHandler
                0x08000f7c                UsageFault_Handler
                0x08000f7c                CAN2_SCE_IRQHandler
                0x08000f7c                DMA2_Stream2_IRQHandler
                0x08000f7c                SPI1_IRQHandler
                0x08000f7c                TIM6_DAC_IRQHandler
                0x08000f7c                TIM1_BRK_TIM9_IRQHandler
                0x08000f7c                DCMI_IRQHandler
                0x08000f7c                CAN2_RX0_IRQHandler
                0x08000f7c                DMA2_Stream3_IRQHandler
                0x08000f7c                FMPI2C1_IRQHandler
                0x08000f7c                SAI2_IRQHandler
                0x08000f7c                USART6_IRQHandler
                0x08000f7c                USART3_IRQHandler
                0x08000f7c                CAN1_RX1_IRQHandler
                0x08000f7c                UART5_IRQHandler
                0x08000f7c                DMA2_Stream0_IRQHandler
                0x08000f7c                TIM4_IRQHandler
                0x08000f7c                I2C1_EV_IRQHandler
                0x08000f7c                HDMI_CEC_IRQHandler
                0x08000f7c                DMA1_Stream6_IRQHandler
                0x08000f7c                DMA1_Stream1_IRQHandler
                0x08000f7c                UART4_IRQHandler
                0x08000f7c                TIM3_IRQHandler
                0x08000f7c                RCC_IRQHandler
                0x08000f7c                TIM8_BRK_TIM12_IRQHandler
                0x08000f7c                Default_Handler
                0x08000f7c                EXTI15_10_IRQHandler
                0x08000f7c                ADC_IRQHandler
                0x08000f7c                DMA1_Stream7_IRQHandler
                0x08000f7c                TIM7_IRQHandler
                0x08000f7c                CAN2_TX_IRQHandler
                0x08000f7c                TIM5_IRQHandler
                0x08000f7c                DMA2_Stream7_IRQHandler
                0x08000f7c                I2C3_EV_IRQHandler
                0x08000f7c                EXTI9_5_IRQHandler
                0x08000f7c                RTC_WKUP_IRQHandler
                0x08000f7c                SPI2_IRQHandler
                0x08000f7c                OTG_HS_EP1_IN_IRQHandler
                0x08000f7c                MemManage_Handler
                0x08000f7c                DMA1_Stream0_IRQHandler
                0x08000f7c                CAN1_TX_IRQHandler
                0x08000f7c                SVC_Handler
                0x08000f7c                EXTI4_IRQHandler
                0x08000f7c                OTG_HS_EP1_OUT_IRQHandler
                0x08000f7c                WWDG_IRQHandler
                0x08000f7c                TIM2_IRQHandler
                0x08000f7c                OTG_FS_WKUP_IRQHandler
                0x08000f7c                TIM1_TRG_COM_TIM11_IRQHandler
                0x08000f7c                OTG_HS_IRQHandler
                0x08000f7c                EXTI1_IRQHandler
                0x08000f7c                USART2_IRQHandler
                0x08000f7c                I2C2_ER_IRQHandler
                0x08000f7c                DMA2_Stream1_IRQHandler
                0x08000f7c                CAN1_SCE_IRQHandler
                0x08000f7c                FLASH_IRQHandler
                0x08000f7c                DMA2_Stream4_IRQHandler
                0x08000f7c                BusFault_Handler
                0x08000f7c                USART1_IRQHandler
                0x08000f7c                OTG_FS_IRQHandler
                0x08000f7c                SPI3_IRQHandler
                0x08000f7c                DMA1_Stream4_IRQHandler
                0x08000f7c                I2C1_ER_IRQHandler
                0x08000f7c                FMC_IRQHandler
                0x08000f7c                DMA2_Stream6_IRQHandler
                0x08000f7c                SAI1_IRQHandler
                0x08000f7c                DMA1_Stream3_IRQHandler
 .text.memset   0x08000f7e       0x10 /opt/st/stm32cubeide_2.0.0/plugins/com.st.stm32cube.ide.mcu.externaltools.gnu-tools-for-stm32.13.3.rel1.linux64_1.0.100.202509120712/tools/bin/../lib/gcc/arm-none-eabi/13.3.1/../../../../arm-none-eabi/lib/thumb/v7e-m+fp/hard/libc_nano.a(libc_a-memset.o)
                0x08000f7e                memset
 *fill*         0x08000f8e        0x2 
 .text.__libc_init_array
                0x08000f90       0x48 /opt/st/stm32cubeide_2.0.0/plugins/com.st.stm32cube.ide.mcu.externaltools.gnu-tools-for-stm32.13.3.rel1.linux64_1.0.100.202509120712/tools/bin/../lib/gcc/arm-none-eabi/13.3.1/../../../../arm-none-eabi/lib/thumb/v7e-m+fp/hard/libc_nano.a(libc_a-init.o)
                0x08000f90                __libc_init_array
 *(.glue_7)
 .glue_7        0x08000fd8        0x0 linker stubs
 *(.glue_7t)
 .glue_7t       0x08000fd8        0x0 linker stubs
 *(.eh_frame)
 .eh_frame      0x08000fd8        0x0 /opt/st/stm32cubeide_2.0.0/plugins/com.st.stm32cube.ide.mcu.externaltools.gnu-tools-for-stm32.13.3.rel1.linux64_1.0.100.202509120712/tools/bin/../lib/gcc/arm-none-eabi/13.3.1/thumb/v7e-m+fp/hard/crtbegin.o
 *(.init)
 .init          0x08000fd8        0x4 /opt/st/stm32cubeide_2.0.0/plugins/com.st.stm32cube.ide.mcu.externaltools.gnu-tools-for-stm32.13.3.rel1.linux64_1.0.100.202509120712/tools/bin/../lib/gcc/arm-none-eabi/13.3.1/thumb/v7e-m+fp/hard/crti.o
                0x08000fd8                _init
 .init          0x08000fdc        0x8 /opt/st/stm32cubeide_2.0.0/plugins/com.st.stm32cube.ide.mcu.externaltools.gnu-tools-for-stm32.13.3.rel1.linux64_1.0.100.202509120712/tools/bin/../lib/gcc/arm-none-eabi/13.3.1/thumb/v7e-m+fp/hard/crtn.o
 *(.fini)
 .fini          0x08000fe4        0x4 /opt/st/stm32cubeide_2.0.0/plugins/com.st.stm32cube.ide.mcu.externaltools.gnu-tools-for-stm32.13.3.rel1.linux64_1.0.100.202509120712/tools/bin/../lib/gcc/arm-none-eabi/13.3.1/thumb/v7e-m+fp/hard/crti.o
                0x08000fe4                _fini
 .fini          0x08000fe8        0x8 /opt/st/stm32cubeide_2.0.0/plugins/com.st.stm32cube.ide.mcu.externaltools.gnu-tools-for-stm32.13.3.rel1.linux64_1.0.100.202509120712/tools/bin/../lib/gcc/arm-none-eabi/13.3.1/thumb/v7e-m+fp/hard/crtn.o
                0x08000ff0                        . = ALIGN (0x4)
                0x08000ff0                        _etext = .

.vfp11_veneer   0x08000ff0        0x0
 .vfp11_veneer  0x08000ff0        0x0 linker stubs

.v4_bx          0x08000ff0        0x0
 .v4_bx         0x08000ff0        0x0 linker stubs

.iplt           0x08000ff0        0x0
 .iplt          0x08000ff0        0x0 /opt/st/stm32cubeide_2.0.0/plugins/com.st.stm32cube.ide.mcu.externaltools.gnu-tools-for-stm32.13.3.rel1.linux64_1.0.100.202509120712/tools/bin/../lib/gcc/arm-none-eabi/13.3.1/thumb/v7e-m+fp/hard/crtbegin.o

.rodata         0x08000ff0       0x2c
                0x08000ff0                        . = ALIGN (0x4)
 *(.rodata)
 .rodata        0x08000ff0       0x14 ./Src/main.o
 *(.rodata*)
 .rodata.AHB_PreScaler
                0x08001004       0x10 ./Drivers/rcc_driver.o
 .rodata.APB1_PreScaler
                0x08001014        0x4 ./Drivers/rcc_driver.o
 .rodata.APB2_PreScaler
                0x08001018        0x4 ./Drivers/rcc_driver.o
                0x0800101c                        . = ALIGN (0x4)

.ARM.extab      0x0800101c        0x0
                0x0800101c                        . = ALIGN (0x4)
 *(.ARM.extab* .gnu.linkonce.armextab.*)
                0x0800101c                        . = ALIGN (0x4)

.ARM            0x0800101c        0x0
                0x0800101c                        . = ALIGN (0x4)
                0x0800101c                        __exidx_start = .
 *(.ARM.exidx*)
                0x0800101c                        __exidx_end = .
                0x0800101c                        . = ALIGN (0x4)

.preinit_array  0x0800101c        0x0
                0x0800101c                        . = ALIGN (0x4)
                0x0800101c                        PROVIDE (__preinit_array_start = .)
 *(.preinit_array*)
                0x0800101c                        PROVIDE (__preinit_array_end = .)
                0x0800101c                        . = ALIGN (0x4)

.init_array     0x0800101c        0x4
                0x0800101c                        . = ALIGN (0x4)
                0x0800101c                        PROVIDE (__init_array_start = .)
 *(SORT_BY_NAME(.init_array.*))
 *(.init_array*)
 .init_array    0x0800101c        0x4 /opt/st/stm32cubeide_2.0.0/plugins/com.st.stm32cube.ide.mcu.externaltools.gnu-tools-for-stm32.13.3.rel1.linux64_1.0.100.202509120712/tools/bin/../lib/gcc/arm-none-eabi/13.3.1/thumb/v7e-m+fp/hard/crtbegin.o
                0x08001020                        PROVIDE (__init_array_end = .)
                0x08001020                        . = ALIGN (0x4)

.fini_array     0x08001020        0x4
                0x08001020                        . = ALIGN (0x4)
                [!provide]                        PROVIDE (__fini_array_start = .)
 *(SORT_BY_NAME(.fini_array.*))
 *(.fini_array*)
 .fini_array    0x08001020        0x4 /opt/st/stm32cubeide_2.0.0/plugins/com.st.stm32cube.ide.mcu.externaltools.gnu-tools-for-stm32.13.3.rel1.linux64_1.0.100.202509120712/tools/bin/../lib/gcc/arm-none-eabi/13.3.1/thumb/v7e-m+fp/hard/crtbegin.o
                [!provide]                        PROVIDE (__fini_array_end = .)
                0x08001024                        . = ALIGN (0x4)
                0x08001024                        _sidata = LOADADDR (.data)

.rel.dyn        0x08001024        0x0
 .rel.iplt      0x08001024        0x0 /opt/st/stm32cubeide_2.0.0/plugins/com.st.stm32cube.ide.mcu.externaltools.gnu-tools-for-stm32.13.3.rel1.linux64_1.0.100.202509120712/tools/bin/../lib/gcc/arm-none-eabi/13.3.1/thumb/v7e-m+fp/hard/crtbegin.o

.data           0x20000000        0x4 load address 0x08001024
                0x20000000                        . = ALIGN (0x4)
                0x20000000                        _sdata = .
 *(.data)
 *(.data*)
 .data.SystemCoreClock
                0x20000000        0x4 ./Src/system_stm32f4xx.o
                0x20000000                SystemCoreClock
 *(.RamFunc)
 *(.RamFunc*)
                0x20000004                        . = ALIGN (0x4)
                0x20000004                        _edata = .

.igot.plt       0x20000004        0x0 load address 0x08001028
 .igot.plt      0x20000004        0x0 /opt/st/stm32cubeide_2.0.0/plugins/com.st.stm32cube.ide.mcu.externaltools.gnu-tools-for-stm32.13.3.rel1.linux64_1.0.100.202509120712/tools/bin/../lib/gcc/arm-none-eabi/13.3.1/thumb/v7e-m+fp/hard/crtbegin.o
                0x20000004                        . = ALIGN (0x4)

.bss            0x20000004       0x20 load address 0x08001028
                0x20000004                        _sbss = .
                0x20000004                        __bss_start__ = _sbss
 *(.bss)
 .bss           0x20000004       0x1c /opt/st/stm32cubeide_2.0.0/plugins/com.st.stm32cube.ide.mcu.externaltools.gnu-tools-for-stm32.13.3.rel1.linux64_1.0.100.202509120712/tools/bin/../lib/gcc/arm-none-eabi/13.3.1/thumb/v7e-m+fp/hard/crtbegin.o
 *(.bss*)
 .bss.uwTick    0x20000020        0x4 ./Drivers/systick.o
 *(COMMON)
                0x20000024                        . = ALIGN (0x4)
                0x20000024                        _ebss = .
                0x20000024                        __bss_end__ = _ebss

._user_heap_stack
                0x20000024      0x604 load address 0x08001028
                0x20000028                        . = ALIGN (0x8)
 *fill*         0x20000024        0x4 
                [!provide]                        PROVIDE (end = .)
                0x20000028                        PROVIDE (_end = .)
                0x20000228                        . = (. + _Min_Heap_Size)
 *fill*         0x20000028      0x200 
                0x20000628                        . = (. + _Min_Stack_Size)
 *fill*         0x20000228      0x400 
                0x20000628                        . = ALIGN (0x8)

/DISCARD/
 libc.a(*)
 libm.a(*)
 libgcc.a(*)

.ARM.attributes
                0x00000000       0x30
 *(.ARM.attributes)
 .ARM.attributes
                0x00000000       0x22 /opt/st/stm32cubeide_2.0.0/plugins/com.st.stm32cube.ide.mcu.externaltools.gnu-tools-for-stm32.13.3.rel1.linux64_1.0.100.202509120712/tools/bin/../lib/gcc/arm-none-eabi/13.3.1/thumb/v7e-m+fp/hard/crti.o
 .ARM.attributes
                0x00000022       0x34 /opt/st/stm32cubeide_2.0.0/plugins/com.st.stm32cube.ide.mcu.externaltools.gnu-tools-for-stm32.13.3.rel1.linux64_1.0.100.202509120712/tools/bin/../lib/gcc/arm-none-eabi/13.3.1/thumb/v7e-m+fp/hard/crtbegin.o
 .ARM.attributes
                0x00000056       0x34 ./Drivers/gpio_driver.o
 .ARM.attributes
                0x0000008a       0x34 ./Drivers/rcc_driver.o
 .ARM.attributes
                0x000000be       0x34 ./Drivers/systick.o
 .ARM.attributes
                0x000000f2       0x34 ./Drivers/usart_driver.o
 .ARM.attributes
                0x00000126       0x34 ./Src/main.o
 .ARM.attributes
                0x0000015a       0x34 ./Src/system_stm32f4xx.o
 .ARM.attributes
                0x0000018e       0x21 ./Startup/startup_stm32f446retx.o
 .ARM.attributes
                0x000001af       0x34 /opt/st/stm32cubeide_2.0.0/plugins/com.st.stm32cube.ide.mcu.externaltools.gnu-tools-for-stm32.13.3.rel1.linux64_1.0.100.202509120712/tools/bin/../lib/gcc/arm-none-eabi/13.3.1/../../../../arm-none-eabi/lib/thumb/v7e-m+fp/hard/libc_nano.a(libc_a-memset.o)
 .ARM.attributes
                0x000001e3       0x34 /opt/st/stm32cubeide_2.0.0/plugins/com.st.stm32cube.ide.mcu.externaltools.gnu-tools-for-stm32.13.3.rel1.linux64_1.0.100.202509120712/tools/bin/../lib/gcc/arm-none-eabi/13.3.1/../../../../arm-none-eabi/lib/thumb/v7e-m+fp/hard/libc_nano.a(libc_a-init.o)
 .ARM.attributes
                0x00000217       0x22 /opt/st/stm32cubeide_2.0.0/plugins/com.st.stm32cube.ide.mcu.externaltools.gnu-tools-for-stm32.13.3.rel1.linux64_1.0.100.202509120712/tools/bin/../lib/gcc/arm-none-eabi/13.3.1/thumb/v7e-m+fp/hard/crtn.o
OUTPUT(W8_USART2_Receiver.elf elf32-littlearm)
LOAD linker stubs
LOAD /opt/st/stm32cubeide_2.0.0/plugins/com.st.stm32cube.ide.mcu.externaltools.gnu-tools-for-stm32.13.3.rel1.linux64_1.0.100.202509120712/tools/bin/../lib/gcc/arm-none-eabi/13.3.1/../../../../arm-none-eabi/lib/thumb/v7e-m+fp/hard/libc.a
LOAD /opt/st/stm32cubeide_2.0.0/plugins/com.st.stm32cube.ide.mcu.externaltools.gnu-tools-for-stm32.13.3.rel1.linux64_1.0.100.202509120712/tools/bin/../lib/gcc/arm-none-eabi/13.3.1/../../../../arm-none-eabi/lib/thumb/v7e-m+fp/hard/libm.a
LOAD /opt/st/stm32cubeide_2.0.0/plugins/com.st.stm32cube.ide.mcu.externaltools.gnu-tools-for-stm32.13.3.rel1.linux64_1.0.100.202509120712/tools/bin/../lib/gcc/arm-none-eabi/13.3.1/thumb/v7e-m+fp/hard/libgcc.a

.debug_info     0x00000000     0x1e02
 .debug_info    0x00000000      0x8b0 ./Drivers/gpio_driver.o
 .debug_info    0x000008b0      0x3b6 ./Drivers/rcc_driver.o
 .debug_info    0x00000c66      0x114 ./Drivers/systick.o
 .debug_info    0x00000d7a      0x8b4 ./Drivers/usart_driver.o
 .debug_info    0x0000162e      0x6e9 ./Src/main.o
 .debug_info    0x00001d17       0xbb ./Src/system_stm32f4xx.o
 .debug_info    0x00001dd2       0x30 ./Startup/startup_stm32f446retx.o

.debug_abbrev   0x00000000      0x703
 .debug_abbrev  0x00000000      0x150 ./Drivers/gpio_driver.o
 .debug_abbrev  0x00000150      0x106 ./Drivers/rcc_driver.o
 .debug_abbrev  0x00000256       0xc9 ./Drivers/systick.o
 .debug_abbrev  0x0000031f      0x219 ./Drivers/usart_driver.o
 .debug_abbrev  0x00000538      0x13e ./Src/main.o
 .debug_abbrev  0x00000676       0x69 ./Src/system_stm32f4xx.o
 .debug_abbrev  0x000006df       0x24 ./Startup/startup_stm32f446retx.o

.debug_aranges  0x00000000      0x1d8
 .debug_aranges
                0x00000000       0x70 ./Drivers/gpio_driver.o
 .debug_aranges
                0x00000070       0x30 ./Drivers/rcc_driver.o
 .debug_aranges
                0x000000a0       0x38 ./Drivers/systick.o
 .debug_aranges
                0x000000d8       0x88 ./Drivers/usart_driver.o
 .debug_aranges
                0x00000160       0x28 ./Src/main.o
 .debug_aranges
                0x00000188       0x28 ./Src/system_stm32f4xx.o
 .debug_aranges
                0x000001b0       0x28 ./Startup/startup_stm32f446retx.o

.debug_rnglists
                0x00000000      0x14e
 .debug_rnglists
                0x00000000       0x53 ./Drivers/gpio_driver.o
 .debug_rnglists
                0x00000053       0x21 ./Drivers/rcc_driver.o
 .debug_rnglists
                0x00000074       0x25 ./Drivers/systick.o
 .debug_rnglists
                0x00000099       0x68 ./Drivers/usart_driver.o
 .debug_rnglists
                0x00000101       0x1b ./Src/main.o
 .debug_rnglists
                0x0000011c       0x19 ./Src/system_stm32f4xx.o
 .debug_rnglists
                0x00000135       0x19 ./Startup/startup_stm32f446retx.o

.debug_macro    0x00000000     0x145e
 .debug_macro   0x00000000       0x7c ./Drivers/gpio_driver.o
 .debug_macro   0x0000007c       0x7c ./Drivers/rcc_driver.o
 .debug_macro   0x000000f8       0x72 ./Drivers/systick.o
 .debug_macro   0x0000016a       0x34 ./Drivers/systick.o
 .debug_macro   0x0000019e       0x8b ./Drivers/usart_driver.o
 .debug_macro   0x00000229       0x88 ./Drivers/usart_driver.o
 .debug_macro   0x000002b1      0x16f ./Src/main.o
 .debug_macro   0x00000420       0x61 ./Src/main.o
 .debug_macro   0x00000481       0x2a ./Src/main.o
 .debug_macro   0x000004ab       0x43 ./Src/main.o
 .debug_macro   0x000004ee       0x34 ./Src/main.o
 .debug_macro   0x00000522       0x16 ./Src/main.o
 .debug_macro   0x00000538       0x9e ./Src/main.o
 .debug_macro   0x000005d6      0x370 ./Src/main.o
 .debug_macro   0x00000946      0x112 ./Src/main.o
 .debug_macro   0x00000a58       0x10 ./Src/main.o
 .debug_macro   0x00000a68       0x16 ./Src/main.o
 .debug_macro   0x00000a7e       0x4a ./Src/main.o
 .debug_macro   0x00000ac8       0x34 ./Src/main.o
 .debug_macro   0x00000afc       0x10 ./Src/main.o
 .debug_macro   0x00000b0c       0x58 ./Src/main.o
 .debug_macro   0x00000b64       0x8e ./Src/main.o
 .debug_macro   0x00000bf2       0x1c ./Src/main.o
 .debug_macro   0x00000c0e      0x185 ./Src/main.o
 .debug_macro   0x00000d93       0x16 ./Src/main.o
 .debug_macro   0x00000da9       0x16 ./Src/main.o
 .debug_macro   0x00000dbf      0x146 ./Src/main.o
 .debug_macro   0x00000f05      0x468 ./Src/main.o
 .debug_macro   0x0000136d       0x8e ./Src/main.o
 .debug_macro   0x000013fb       0x63 ./Src/system_stm32f4xx.o

.debug_line     0x00000000     0x2291
 .debug_line    0x00000000      0x80e ./Drivers/gpio_driver.o
 .debug_line    0x0000080e      0x449 ./Drivers/rcc_driver.o
 .debug_line    0x00000c57      0x3d9 ./Drivers/systick.o
 .debug_line    0x00001030      0x85d ./Drivers/usart_driver.o
 .debug_line    0x0000188d      0x61f ./Src/main.o
 .debug_line    0x00001eac      0x36a ./Src/system_stm32f4xx.o
 .debug_line    0x00002216       0x7b ./Startup/startup_stm32f446retx.o

.debug_str      0x00000000     0x9dbd
 .debug_str     0x00000000     0x9dbd ./Drivers/gpio_driver.o
                               0x5af2 (size before relaxing)
 .debug_str     0x00009dbd        0x0 ./Drivers/rcc_driver.o
                               0x56dc (size before relaxing)
 .debug_str     0x00009dbd        0x0 ./Drivers/systick.o
                               0x3f48 (size before relaxing)
 .debug_str     0x00009dbd        0x0 ./Drivers/usart_driver.o
                               0x5c9a (size before relaxing)
 .debug_str     0x00009dbd        0x0 ./Src/main.o
                               0x99d8 (size before relaxing)
 .debug_str     0x00009dbd        0x0 ./Src/system_stm32f4xx.o
                               0x3df1 (size before relaxing)
 .debug_str     0x00009dbd        0x0 ./Startup/startup_stm32f446retx.o
                                 0x80 (size before relaxing)

.comment        0x00000000       0x43
 .comment       0x00000000       0x43 ./Drivers/gpio_driver.o
                                 0x44 (size before relaxing)
 .comment       0x00000043        0x0 ./Drivers/rcc_driver.o
                                 0x44 (size before relaxing)
 .comment       0x00000043        0x0 ./Drivers/systick.o
                                 0x44 (size before relaxing)
 .comment       0x00000043        0x0 ./Drivers/usart_driver.o
                                 0x44 (size before relaxing)
 .comment       0x00000043        0x0 ./Src/main.o
                                 0x44 (size before relaxing)
 .comment       0x00000043        0x0 ./Src/system_stm32f4xx.o
                                 0x44 (size before relaxing)

.debug_frame    0x00000000      0x5f4
 .debug_frame   0x00000000      0x1c8 ./Drivers/gpio_driver.o
 .debug_frame   0x000001c8       0x7c ./Drivers/rcc_driver.o
 .debug_frame   0x00000244       0x94 ./Drivers/systick.o
 .debug_frame   0x000002d8      0x22c ./Drivers/usart_driver.o
 .debug_frame   0x00000504       0x54 ./Src/main.o
 .debug_frame   0x00000558       0x50 ./Src/system_stm32f4xx.o
 .debug_frame   0x000005a8       0x20 /opt/st/stm32cubeide_2.0.0/plugins/com.st.stm32cube.ide.mcu.externaltools.gnu-tools-for-stm32.13.3.rel1.linux64_1.0.100.202509120712/tools/bin/../lib/gcc/arm-none-eabi/13.3.1/../../../../arm-none-eabi/lib/thumb/v7e-m+fp/hard/libc_nano.a(libc_a-memset.o)
 .debug_frame   0x000005c8       0x2c /opt/st/stm32cubeide_2.0.0/plugins/com.st.stm32cube.ide.mcu.externaltools.gnu-tools-for-stm32.13.3.rel1.linux64_1.0.100.202509120712/tools/bin/../lib/gcc/arm-none-eabi/13.3.1/../../../../arm-none-eabi/lib/thumb/v7e-m+fp/hard/libc_nano.a(libc_a-init.o)

.debug_line_str
                0x00000000       0x64
 .debug_line_str
                0x00000000       0x64 ./Startup/startup_stm32f446retx.o
