02:12:14 **** Incremental Build of configuration Debug for project W8_USART_Transmitter ****
make -j4 all 
arm-none-eabi-gcc "../Src/main.c" -mcpu=cortex-m4 -std=gnu11 -g3 -DDEBUG -DSTM32 -DSTM32F4 -DSTM32F446RETx -DNUCLEO_F446RE -c -I../Inc -I"/home/justjhst/바탕화면/Phase1_Self/W8_USART_Transmitter/Drivers" -I"/home/justjhst/바탕화면/Phase1_Self/W8_USART_Transmitter/BSP" -O0 -ffunction-sections -fdata-sections -Wall -fstack-usage -fcyclomatic-complexity -MMD -MP -MF"Src/main.d" -MT"Src/main.o" --specs=nano.specs -mfpu=fpv4-sp-d16 -mfloat-abi=hard -mthumb -o "Src/main.o"
../Src/main.c:30:4: warning: #warning "FPU is not initialized, but the project is compiling for an FPU. Please initialize the FPU before use." [-Wcpp]
   30 |   #warning "FPU is not initialized, but the project is compiling for an FPU. Please initialize the FPU before use."
      |    ^~~~~~~
../Src/main.c: In function 'main':
../Src/main.c:82:58: warning: too many arguments for format [-Wformat-extra-args]
   82 |                 len = snprintf(payload, sizeof(payload), "PKT#04lu TEMP:25.3C HUM:60%%", count);
      |                                                          ^~~~~~~~~~~~~~~~~~~~~~~~~~~~~~
arm-none-eabi-gcc -o "W8_USART_Transmitter.elf" @"objects.list"   -mcpu=cortex-m4 -T"/home/justjhst/바탕화면/Phase1_Self/W8_USART_Transmitter/STM32F446RETX_FLASH.ld" --specs=nosys.specs -Wl,-Map="W8_USART_Transmitter.map" -Wl,--gc-sections -static --specs=nano.specs -mfpu=fpv4-sp-d16 -mfloat-abi=hard -mthumb -Wl,--start-group -lc -lm -Wl,--end-group
Finished building target: W8_USART_Transmitter.elf
 
arm-none-eabi-size  W8_USART_Transmitter.elf 
arm-none-eabi-objdump -h -S W8_USART_Transmitter.elf  > "W8_USART_Transmitter.list"
   text	   data	    bss	    dec	    hex	filename
   6444	     84	   1900	   8428	   20ec	W8_USART_Transmitter.elf
Finished building: default.size.stdout
 
Finished building: W8_USART_Transmitter.list
 
02:12:24 **** Incremental Build of configuration Debug for project W8_USART_Transmitter ****
make -j4 all 
arm-none-eabi-size  W8_USART_Transmitter.elf 
   text	   data	    bss	    dec	    hex	filename
   6444	     84	   1900	   8428	   20ec	W8_USART_Transmitter.elf
Finished building: default.size.stdout
 
02:12:25 **** Incremental Build of configuration Debug for project W8_USART_Transmitter ****
make -j4 all 
arm-none-eabi-size  W8_USART_Transmitter.elf 
   text	   data	    bss	    dec	    hex	filename
   6444	     84	   1900	   8428	   20ec	W8_USART_Transmitter.elf
Finished building: default.size.stdout
 
