17:22:21 **** Incremental Build of configuration Debug for project W9_I2CDriver ****
make -j4 all 
arm-none-eabi-gcc "../Src/main.c" -mcpu=cortex-m4 -std=gnu11 -g3 -DDEBUG -DSTM32 -DSTM32F4 -DSTM32F446RETx -DNUCLEO_F446RE -c -I../Inc -I"/home/justjhst/바탕화면/Phase1_Self/W9_I2CDriver/BSP" -I"/home/justjhst/바탕화면/Phase1_Self/W9_I2CDriver/Drivers/Inc" -O0 -ffunction-sections -fdata-sections -Wall -fstack-usage -fcyclomatic-complexity -MMD -MP -MF"Src/main.d" -MT"Src/main.o" --specs=nano.specs -mfpu=fpv4-sp-d16 -mfloat-abi=hard -mthumb -o "Src/main.o"
In file included from ../Src/main.c:26:
/home/justjhst/바탕화면/Phase1_Self/W9_I2CDriver/Drivers/Inc/i2c_driver.h:45: warning: "NULL" redefined
   45 | #define NULL                                            0
      | 
In file included from /opt/st/stm32cubeide_2.0.0/plugins/com.st.stm32cube.ide.mcu.externaltools.gnu-tools-for-stm32.13.3.rel1.linux64_1.0.100.202509120712/tools/arm-none-eabi/include/sys/_types.h:24,
                 from /opt/st/stm32cubeide_2.0.0/plugins/com.st.stm32cube.ide.mcu.externaltools.gnu-tools-for-stm32.13.3.rel1.linux64_1.0.100.202509120712/tools/arm-none-eabi/include/sys/reent.h:16,
                 from /opt/st/stm32cubeide_2.0.0/plugins/com.st.stm32cube.ide.mcu.externaltools.gnu-tools-for-stm32.13.3.rel1.linux64_1.0.100.202509120712/tools/arm-none-eabi/include/stdio.h:60,
                 from ../Src/main.c:20:
/opt/st/stm32cubeide_2.0.0/plugins/com.st.stm32cube.ide.mcu.externaltools.gnu-tools-for-stm32.13.3.rel1.linux64_1.0.100.202509120712/tools/lib/gcc/arm-none-eabi/13.3.1/include/stddef.h:404: note: this is the location of the previous definition
  404 | #define NULL ((void *)0)
      | 
../Src/main.c: In function 'main':
../Src/main.c:58:9: warning: implicit declaration of function 'I2C_AddressScan' [-Wimplicit-function-declaration]
   58 |         I2C_AddressScan(&I2C1Handle);
      |         ^~~~~~~~~~~~~~~
arm-none-eabi-gcc -o "W9_I2CDriver.elf" @"objects.list"   -mcpu=cortex-m4 -T"/home/justjhst/바탕화면/Phase1_Self/W9_I2CDriver/STM32F446RETX_FLASH.ld" --specs=nosys.specs -Wl,-Map="W9_I2CDriver.map" -Wl,--gc-sections -static --specs=nano.specs -mfpu=fpv4-sp-d16 -mfloat-abi=hard -mthumb -Wl,--start-group -lc -lm -Wl,--end-group
Finished building target: W9_I2CDriver.elf
 
arm-none-eabi-size  W9_I2CDriver.elf 
arm-none-eabi-objdump -h -S W9_I2CDriver.elf  > "W9_I2CDriver.list"
   text	   data	    bss	    dec	    hex	filename
   7504	     92	   1908	   9504	   2520	W9_I2CDriver.elf
Finished building: default.size.stdout
 
Finished building: W9_I2CDriver.list
 

17:22:22 Build Finished. 0 errors, 2 warnings. (took 270ms)

