17:49:28 **** Incremental Build of configuration Debug for project W9_I2CDriver ****
make -j4 all 
arm-none-eabi-gcc "../Src/main.c" -mcpu=cortex-m4 -std=gnu11 -g3 -DDEBUG -DSTM32 -DSTM32F4 -DSTM32F446RETx -DNUCLEO_F446RE -c -I../Inc -I"/home/justjhst/바탕화면/Phase1_Self/W9_I2CDriver/BSP" -I"/home/justjhst/바탕화면/Phase1_Self/W9_I2CDriver/Drivers/Inc" -O0 -ffunction-sections -fdata-sections -Wall -fstack-usage -fcyclomatic-complexity -MMD -MP -MF"Src/main.d" -MT"Src/main.o" --specs=nano.specs -mfpu=fpv4-sp-d16 -mfloat-abi=hard -mthumb -o "Src/main.o"
arm-none-eabi-gcc "../Drivers/Src/gpio_driver.c" -mcpu=cortex-m4 -std=gnu11 -g3 -DDEBUG -DSTM32 -DSTM32F4 -DSTM32F446RETx -DNUCLEO_F446RE -c -I../Inc -I"/home/justjhst/바탕화면/Phase1_Self/W9_I2CDriver/BSP" -I"/home/justjhst/바탕화면/Phase1_Self/W9_I2CDriver/Drivers/Inc" -O0 -ffunction-sections -fdata-sections -Wall -fstack-usage -fcyclomatic-complexity -MMD -MP -MF"Drivers/Src/gpio_driver.d" -MT"Drivers/Src/gpio_driver.o" --specs=nano.specs -mfpu=fpv4-sp-d16 -mfloat-abi=hard -mthumb -o "Drivers/Src/gpio_driver.o"
arm-none-eabi-gcc "../Drivers/Src/i2c_driver.c" -mcpu=cortex-m4 -std=gnu11 -g3 -DDEBUG -DSTM32 -DSTM32F4 -DSTM32F446RETx -DNUCLEO_F446RE -c -I../Inc -I"/home/justjhst/바탕화면/Phase1_Self/W9_I2CDriver/BSP" -I"/home/justjhst/바탕화면/Phase1_Self/W9_I2CDriver/Drivers/Inc" -O0 -ffunction-sections -fdata-sections -Wall -fstack-usage -fcyclomatic-complexity -MMD -MP -MF"Drivers/Src/i2c_driver.d" -MT"Drivers/Src/i2c_driver.o" --specs=nano.specs -mfpu=fpv4-sp-d16 -mfloat-abi=hard -mthumb -o "Drivers/Src/i2c_driver.o"
arm-none-eabi-gcc "../Drivers/Src/i2c_scanner.c" -mcpu=cortex-m4 -std=gnu11 -g3 -DDEBUG -DSTM32 -DSTM32F4 -DSTM32F446RETx -DNUCLEO_F446RE -c -I../Inc -I"/home/justjhst/바탕화면/Phase1_Self/W9_I2CDriver/BSP" -I"/home/justjhst/바탕화면/Phase1_Self/W9_I2CDriver/Drivers/Inc" -O0 -ffunction-sections -fdata-sections -Wall -fstack-usage -fcyclomatic-complexity -MMD -MP -MF"Drivers/Src/i2c_scanner.d" -MT"Drivers/Src/i2c_scanner.o" --specs=nano.specs -mfpu=fpv4-sp-d16 -mfloat-abi=hard -mthumb -o "Drivers/Src/i2c_scanner.o"
arm-none-eabi-gcc "../Drivers/Src/rcc_driver.c" -mcpu=cortex-m4 -std=gnu11 -g3 -DDEBUG -DSTM32 -DSTM32F4 -DSTM32F446RETx -DNUCLEO_F446RE -c -I../Inc -I"/home/justjhst/바탕화면/Phase1_Self/W9_I2CDriver/BSP" -I"/home/justjhst/바탕화면/Phase1_Self/W9_I2CDriver/Drivers/Inc" -O0 -ffunction-sections -fdata-sections -Wall -fstack-usage -fcyclomatic-complexity -MMD -MP -MF"Drivers/Src/rcc_driver.d" -MT"Drivers/Src/rcc_driver.o" --specs=nano.specs -mfpu=fpv4-sp-d16 -mfloat-abi=hard -mthumb -o "Drivers/Src/rcc_driver.o"
arm-none-eabi-gcc "../Drivers/Src/usart_driver.c" -mcpu=cortex-m4 -std=gnu11 -g3 -DDEBUG -DSTM32 -DSTM32F4 -DSTM32F446RETx -DNUCLEO_F446RE -c -I../Inc -I"/home/justjhst/바탕화면/Phase1_Self/W9_I2CDriver/BSP" -I"/home/justjhst/바탕화면/Phase1_Self/W9_I2CDriver/Drivers/Inc" -O0 -ffunction-sections -fdata-sections -Wall -fstack-usage -fcyclomatic-complexity -MMD -MP -MF"Drivers/Src/usart_driver.d" -MT"Drivers/Src/usart_driver.o" --specs=nano.specs -mfpu=fpv4-sp-d16 -mfloat-abi=hard -mthumb -o "Drivers/Src/usart_driver.o"
arm-none-eabi-gcc "../BSP/keypad_driver.c" -mcpu=cortex-m4 -std=gnu11 -g3 -DDEBUG -DSTM32 -DSTM32F4 -DSTM32F446RETx -DNUCLEO_F446RE -c -I../Inc -I"/home/justjhst/바탕화면/Phase1_Self/W9_I2CDriver/BSP" -I"/home/justjhst/바탕화면/Phase1_Self/W9_I2CDriver/Drivers/Inc" -O0 -ffunction-sections -fdata-sections -Wall -fstack-usage -fcyclomatic-complexity -MMD -MP -MF"BSP/keypad_driver.d" -MT"BSP/keypad_driver.o" --specs=nano.specs -mfpu=fpv4-sp-d16 -mfloat-abi=hard -mthumb -o "BSP/keypad_driver.o"
arm-none-eabi-gcc -o "W9_I2CDriver.elf" @"objects.list"   -mcpu=cortex-m4 -T"/home/justjhst/바탕화면/Phase1_Self/W9_I2CDriver/STM32F446RETX_FLASH.ld" --specs=nosys.specs -Wl,-Map="W9_I2CDriver.map" -Wl,--gc-sections -static -u _printf_float --specs=nano.specs -mfpu=fpv4-sp-d16 -mfloat-abi=hard -mthumb -u _printf_float -Wl,--start-group -lc -lm -Wl,--end-group
Finished building target: W9_I2CDriver.elf
 
arm-none-eabi-size  W9_I2CDriver.elf 
arm-none-eabi-objdump -h -S W9_I2CDriver.elf  > "W9_I2CDriver.list"
   text	   data	    bss	    dec	    hex	filename
  18404	    464	   1952	  20820	   5154	W9_I2CDriver.elf
Finished building: default.size.stdout
 
Finished building: W9_I2CDriver.list
 

17:49:28 Build Finished. 0 errors, 0 warnings. (took 219ms)

